2026-05-24 19:46:35,955  INFO      Cargando dataset original : dataset_final.parquet
2026-05-24 19:46:36,041  INFO      Cargando dataset imputado : dataset_imputado.parquet
2026-05-24 19:46:36,107  INFO      === Drift distribucional (PSI + KS-test) ===
2026-05-24 19:46:36,209  INFO        precip: referencia 1970–2000  (n=891,109)
2026-05-24 19:46:36,255  INFO          precip 1908–1917: PSI=0.0076 [OK]  KS=0.0633 p=0.0000 [WARNING]
2026-05-24 19:46:36,307  INFO          precip 1918–1927: PSI=0.0089 [OK]  KS=0.0747 p=0.0000 [WARNING]
2026-05-24 19:46:36,362  INFO          precip 1928–1937: PSI=0.0019 [OK]  KS=0.0429 p=0.0000 [WARNING]
2026-05-24 19:46:36,418  INFO          precip 1938–1947: PSI=0.0040 [OK]  KS=0.0455 p=0.0000 [WARNING]
2026-05-24 19:46:36,497  INFO          precip 1948–1957: PSI=0.0014 [OK]  KS=0.0260 p=0.0000 [WARNING]
2026-05-24 19:46:36,653  INFO          precip 1958–1967: PSI=0.0042 [OK]  KS=0.0373 p=0.0000 [WARNING]
2026-05-24 19:46:36,968  INFO          precip 1968–1977: PSI=0.0000 [OK]  KS=0.0045 p=0.0001 [WARNING]
2026-05-24 19:46:37,280  INFO          precip 1978–1987: PSI=0.0001 [OK]  KS=0.0032 p=0.0138 [WARNING]
2026-05-24 19:46:37,483  INFO          precip 1988–1997: PSI=0.0000 [OK]  KS=0.0134 p=0.0000 [WARNING]
2026-05-24 19:46:37,674  INFO          precip 1998–2007: PSI=0.0007 [OK]  KS=0.0138 p=0.0000 [WARNING]
2026-05-24 19:46:37,865  INFO          precip 2008–2017: PSI=0.0000 [OK]  KS=0.0056 p=0.0005 [WARNING]
2026-05-24 19:46:38,019  INFO          precip 2018–2026: PSI=0.0025 [OK]  KS=0.0197 p=0.0000 [WARNING]
2026-05-24 19:46:38,038  INFO        evap: referencia 1970–2000  (n=890,753)
2026-05-24 19:46:38,092  INFO          evap 1908–1917: PSI=3.8979 [CRITICAL]  KS=0.2395 p=0.0000 [WARNING]
2026-05-24 19:46:38,147  INFO          evap 1918–1927: PSI=1.0250 [CRITICAL]  KS=0.2040 p=0.0000 [WARNING]
2026-05-24 19:46:38,204  INFO          evap 1928–1937: PSI=1.0548 [CRITICAL]  KS=0.2224 p=0.0000 [WARNING]
2026-05-24 19:46:38,264  INFO          evap 1938–1947: PSI=0.2951 [CRITICAL]  KS=0.1537 p=0.0000 [WARNING]
2026-05-24 19:46:38,324  INFO          evap 1948–1957: PSI=0.2677 [CRITICAL]  KS=0.1658 p=0.0000 [WARNING]
2026-05-24 19:46:38,397  INFO          evap 1958–1967: PSI=0.0748 [OK]  KS=0.0508 p=0.0000 [WARNING]
2026-05-24 19:46:38,650  INFO          evap 1968–1977: PSI=0.0185 [OK]  KS=0.0242 p=0.0000 [WARNING]
2026-05-24 19:46:38,906  INFO          evap 1978–1987: PSI=0.0020 [OK]  KS=0.0209 p=0.0000 [WARNING]
2026-05-24 19:46:39,096  INFO          evap 1988–1997: PSI=0.0204 [OK]  KS=0.0310 p=0.0000 [WARNING]
2026-05-24 19:46:39,180  INFO          evap 1998–2007: PSI=0.0276 [OK]  KS=0.0675 p=0.0000 [WARNING]
2026-05-24 19:46:39,262  INFO          evap 2008–2017: PSI=0.0345 [OK]  KS=0.0582 p=0.0000 [WARNING]
2026-05-24 19:46:39,341  INFO          evap 2018–2026: PSI=0.2490 [CRITICAL]  KS=0.1810 p=0.0000 [WARNING]
2026-05-24 19:46:39,356  INFO        tmax: referencia 1970–2000  (n=890,999)
2026-05-24 19:46:39,407  INFO          tmax 1908–1917: PSI=0.4648 [CRITICAL]  KS=0.2109 p=0.0000 [WARNING]
2026-05-24 19:46:39,467  INFO          tmax 1918–1927: PSI=0.1246 [WARNING]  KS=0.1402 p=0.0000 [WARNING]
2026-05-24 19:46:39,533  INFO          tmax 1928–1937: PSI=0.1000 [WARNING]  KS=0.1397 p=0.0000 [WARNING]
2026-05-24 19:46:39,598  INFO          tmax 1938–1947: PSI=0.3595 [CRITICAL]  KS=0.1529 p=0.0000 [WARNING]
2026-05-24 19:46:39,663  INFO          tmax 1948–1957: PSI=0.2343 [CRITICAL]  KS=0.1220 p=0.0000 [WARNING]
2026-05-24 19:46:39,737  INFO          tmax 1958–1967: PSI=0.0557 [OK]  KS=0.0543 p=0.0000 [WARNING]
2026-05-24 19:46:39,824  INFO          tmax 1968–1977: PSI=0.0229 [OK]  KS=0.0540 p=0.0000 [WARNING]
2026-05-24 19:46:40,092  INFO          tmax 1978–1987: PSI=0.0007 [OK]  KS=0.0136 p=0.0000 [WARNING]
2026-05-24 19:46:40,169  INFO          tmax 1988–1997: PSI=0.0296 [OK]  KS=0.0591 p=0.0000 [WARNING]
2026-05-24 19:46:40,242  INFO          tmax 1998–2007: PSI=0.0426 [OK]  KS=0.0687 p=0.0000 [WARNING]
2026-05-24 19:46:40,315  INFO          tmax 2008–2017: PSI=0.0472 [OK]  KS=0.0902 p=0.0000 [WARNING]
2026-05-24 19:46:40,387  INFO          tmax 2018–2026: PSI=0.1301 [WARNING]  KS=0.1448 p=0.0000 [WARNING]
2026-05-24 19:46:40,404  INFO        tmin: referencia 1970–2000  (n=890,999)
2026-05-24 19:46:40,453  INFO          tmin 1908–1917: PSI=0.2857 [CRITICAL]  KS=0.1043 p=0.0000 [WARNING]
2026-05-24 19:46:40,500  INFO          tmin 1918–1927: PSI=0.2776 [CRITICAL]  KS=0.1702 p=0.0000 [WARNING]
2026-05-24 19:46:40,551  INFO          tmin 1928–1937: PSI=0.1847 [WARNING]  KS=0.1328 p=0.0000 [WARNING]
2026-05-24 19:46:40,599  INFO          tmin 1938–1947: PSI=0.5762 [CRITICAL]  KS=0.2254 p=0.0000 [WARNING]
2026-05-24 19:46:40,651  INFO          tmin 1948–1957: PSI=0.2053 [CRITICAL]  KS=0.1219 p=0.0000 [WARNING]
2026-05-24 19:46:40,713  INFO          tmin 1958–1967: PSI=0.0507 [OK]  KS=0.0500 p=0.0000 [WARNING]
2026-05-24 19:46:40,797  INFO          tmin 1968–1977: PSI=0.0138 [OK]  KS=0.0404 p=0.0000 [WARNING]
2026-05-24 19:46:41,083  INFO          tmin 1978–1987: PSI=0.0019 [OK]  KS=0.0095 p=0.0000 [WARNING]
2026-05-24 19:46:41,159  INFO          tmin 1988–1997: PSI=0.0232 [OK]  KS=0.0548 p=0.0000 [WARNING]
2026-05-24 19:46:41,322  INFO          tmin 1998–2007: PSI=0.0317 [OK]  KS=0.0452 p=0.0000 [WARNING]
2026-05-24 19:46:41,392  INFO          tmin 2008–2017: PSI=0.0297 [OK]  KS=0.0548 p=0.0000 [WARNING]
2026-05-24 19:46:41,531  INFO          tmin 2018–2026: PSI=0.0405 [OK]  KS=0.0523 p=0.0000 [WARNING]
2026-05-24 19:46:41,589  INFO      === Cobertura temporal por década ===
2026-05-24 19:46:41,792  INFO        precip: cobertura temporal calculada
2026-05-24 19:46:41,852  INFO        evap: cobertura temporal calculada
2026-05-24 19:46:41,919  INFO        tmax: cobertura temporal calculada
2026-05-24 19:46:41,987  INFO        tmin: cobertura temporal calculada
2026-05-24 19:46:42,096  INFO      Reporte drift    → reports/monitoreo/drift_report.csv
2026-05-24 19:46:42,096  INFO      Reporte cobertura→ reports/monitoreo/cobertura_temporal.csv
2026-05-24 19:46:42,857  INFO      Figuras → reports/monitoreo/figuras/
2026-05-24 19:46:42,858  INFO      === Resumen de monitoreo ===
2026-05-24 19:46:42,858  WARNING     [RETRAIN ALERT] evap ventana 2018–2026: PSI=0.2490 > 0.2 → revisar reentrenamiento del modelo
2026-05-24 19:46:42,858  INFO      Monitoreo completado con alertas de reentrenamiento (revisar drift_report.csv).
